>>> say_my_name = __import__('3-say_my_name').say_my_name
>>> say_my_name('Ssozi', 'Jamillah')
My name is Ssozi Jamillah

The parameter ```last_name``` is optional. If no last name is provided,
an empty string is printed instead.

::

>>> say_my_name("Beta")
My name is Beta 

>>> say_my_name(2)
Traceback (most recent call last):
...
TypeError: first_name must be a string
>>> say_my_name()
Traceback (most recent call last):
...
TypeError: say_my_name() missing 1 required positional argument: 'first_name'
>>> say_my_name('Bob', 2)
Traceback (most recent call last):
TypeError: last_name must be a string
